"contents","file","index"
"{
	""hi"": ""low""
}","helluva.json","0"
