"contents","id"
"{
	","helluva.json"
"	""h","helluva.json"
"i"":","helluva.json"
" ""l","helluva.json"
"ow""","helluva.json"
"
}","helluva.json"
