"contents","id"
"Eric the Half-a-Bee","somefile.txt"
